Using device: cuda
Training method: fgd_approx
Original model:
LinearGrowingModule(LinearGrowingModule(Layer 0))(in_features=4, out_features=2, use_bias=True)
LinearGrowingModule(LinearGrowingModule(Layer 1))(in_features=2, out_features=2, use_bias=True)
LinearGrowingModule(LinearGrowingModule(Layer 2))(in_features=2, out_features=2, use_bias=True)
LinearGrowingModule(LinearGrowingModule(Layer 3))(in_features=2, out_features=1, use_bias=True)
[INIT] Epoch 0, train_loss=0.1935, validation_loss=0.1862, test_loss=0.1930, train_acc=0.167, validation_acc=0.184, test_acc=0.192
[FAMILY] eta_f=1 did not certify (cos 0.6992, eps 0.7149)
[FAMILY] eta_f=2 did not certify (cos 0.6812, eps 0.7321)
[FAMILY] eta_f=4 did not certify (cos 0.5290, eps 0.8486)
[FAMILY] eta_f=8 did not certify (cos 0.6494, eps 0.7604)
[CERTIFY] growth 1 at location 1: eps -> 1.5379
[FAMILY] eta_f=1 did not certify (cos 0.7032, eps 0.7110)
[FAMILY] eta_f=2 did not certify (cos 0.7159, eps 0.6982)
[FAMILY] eta_f=4 did not certify (cos 0.7024, eps 0.7117)
[FAMILY] eta_f=8 did not certify (cos 0.7024, eps 0.7118)
[CERTIFY] growth 2 at location 1: eps -> 1.5183
[FAMILY] eta_f=1 did not certify (cos 0.7220, eps 0.6919)
[FAMILY] eta_f=2 did not certify (cos 0.7153, eps 0.6988)
[FAMILY] eta_f=4 did not certify (cos 0.6163, eps 0.7875)
[FAMILY] eta_f=8 did not certify (cos 0.7041, eps 0.7101)
[CERTIFY] growth 3 at location 0: eps -> 1.4992
[FAMILY] eta_f=1 did not certify (cos 0.7956, eps 0.6058)
[FAMILY] eta_f=2 did not certify (cos 0.6283, eps 0.7779)
[FAMILY] eta_f=4 did not certify (cos 0.7366, eps 0.6764)
[FAMILY] eta_f=8 did not certify (cos 0.7320, eps 0.6813)
[CERTIFY] growth 4 at location 1: eps -> 1.4205
[FAMILY] eta_f=1 did not certify (cos 0.7920, eps 0.6105)
[FAMILY] eta_f=2 did not certify (cos 0.7615, eps 0.6482)
[FAMILY] eta_f=4 did not certify (cos 0.7961, eps 0.6052)
[FAMILY] eta_f=8 did not certify (cos 0.7354, eps 0.6777)
[CERTIFY] growth 5 at location 1: eps -> 1.3508
[FAMILY] eta_f=1 did not certify (cos 0.8236, eps 0.5672)
[FAMILY] eta_f=2 did not certify (cos 0.7791, eps 0.6270)
[FAMILY] eta_f=4 did not certify (cos 0.7100, eps 0.7042)
[FAMILY] eta_f=8 did not certify (cos 0.7748, eps 0.6323)
[CERTIFY] growth 6 at location 0: eps -> 1.3382
[FAMILY] eta_f=1 did not certify (cos 0.8354, eps 0.5496)
[FAMILY] eta_f=2 did not certify (cos 0.8456, eps 0.5338)
[FAMILY] eta_f=4 did not certify (cos 0.8401, eps 0.5425)
[FAMILY] eta_f=8 did not certify (cos 0.8134, eps 0.5817)
[CERTIFY] growth 7 at location 0: eps -> 1.2895
[FAMILY] eta_f=1 certified (cos 0.9587, eps 0.2845)
[CERTIFY] parametric family certified at fixed structure (no growth); eps -> 0.2572
[CERTIFY] family ladder took 1 step(s) in 7 growths
[REALIZE] eta=1.6030e-01 realised=102.1% residual=12.8% iters=9
[DAMPING] rho=8.47e-10 lambda=1.699e-04 eps=0.2572 |u|=9.589e+00 eta=1.6030e-01 decrease=1.1258e+02
[FGD-STEP] Epoch 1: loss_before=1.907118e+02, loss_after=9.165358e+01, rel_err_before=0.3482, |r|=2.6807e+01, |g|=2.5541e+01, |u|=6.3911e+00, eta=0.1603, accepted=True
[REALIZE] eta=7.1276e-02 realised=99.8% residual=10.5% iters=11
[DAMPING] rho=3.56e-10 lambda=4.940e-05 eps=0.3752 |u|=9.908e+00 eta=7.1276e-02 decrease=2.2958e+01
[FGD-STEP] Epoch 1: loss_before=9.165358e+01, loss_after=7.225852e+01, rel_err_before=0.5073, |r|=1.9147e+01, |g|=1.6975e+01, |u|=5.6611e+00, eta=0.07128, accepted=True
[REALIZE] eta=3.8631e-02 realised=99.6% residual=10.7% iters=7
[DAMPING] rho=6.36e-11 lambda=7.853e-06 eps=0.4283 |u|=1.042e+01 eta=3.8631e-02 decrease=9.2291e+00
[FGD-STEP] Epoch 1: loss_before=7.225852e+01, loss_after=6.399948e+01, rel_err_before=0.5542, |r|=1.7001e+01, |g|=1.4886e+01, |u|=6.1096e+00, eta=0.03863, accepted=True
[REALIZE] eta=2.1525e-02 realised=99.0% residual=9.0% iters=4
[DAMPING] rho=9.83e-12 lambda=1.150e-06 eps=0.4587 |u|=1.092e+01 eta=2.1525e-02 decrease=4.4020e+00
[FGD-STEP] Epoch 1: loss_before=6.399948e+01, loss_after=6.004955e+01, rel_err_before=0.5869, |r|=1.6000e+01, |g|=1.3777e+01, |u|=7.2308e+00, eta=0.02153, accepted=True
[REALIZE] eta=1.0459e-02 realised=99.2% residual=5.4% iters=4
[DAMPING] rho=3.68e-12 lambda=4.177e-07 eps=0.4795 |u|=1.076e+01 eta=1.0459e-02 decrease=1.9605e+00
[FGD-STEP] Epoch 1: loss_before=6.004955e+01, loss_after=5.824648e+01, rel_err_before=0.6076, |r|=1.5498e+01, |g|=1.3231e+01, |u|=7.5685e+00, eta=0.01046, accepted=True
[REALIZE] eta=5.6245e-03 realised=99.3% residual=4.1% iters=2
[DAMPING] rho=3.49e-12 lambda=3.920e-07 eps=0.4889 |u|=1.106e+01 eta=5.6245e-03 decrease=1.0117e+00
[FGD-STEP] Epoch 1: loss_before=5.824648e+01, loss_after=5.730761e+01, rel_err_before=0.6192, |r|=1.5264e+01, |g|=1.2962e+01, |u|=7.6149e+00, eta=0.005625, accepted=True
[REALIZE] eta=3.0009e-03 realised=99.8% residual=4.6% iters=1
[DAMPING] rho=7.25e-13 lambda=8.065e-08 eps=0.4940 |u|=1.079e+01 eta=3.0009e-03 decrease=5.2792e-01
[FGD-STEP] Epoch 1: loss_before=5.730761e+01, loss_after=5.681152e+01, rel_err_before=0.6203, |r|=1.5140e+01, |g|=1.2877e+01, |u|=6.9930e+00, eta=0.003001, accepted=True
[REALIZE] eta=1.4905e-03 realised=99.6% residual=4.3% iters=1
[DAMPING] rho=2.70e-13 lambda=2.998e-08 eps=0.4970 |u|=1.108e+01 eta=1.4905e-03 decrease=2.5908e-01
[FGD-STEP] Epoch 1: loss_before=5.681152e+01, loss_after=5.656856e+01, rel_err_before=0.6272, |r|=1.5075e+01, |g|=1.2781e+01, |u|=6.9842e+00, eta=0.00149, accepted=True
[FGD] Epoch 1, train_loss=0.0527, validation_loss=0.0552, test_loss=0.0556 (-0.1373), train_acc=0.353, validation_acc=0.361, test_acc=0.361, lr=0.00149, rel_err=0.627
[FGD-WARN] Epoch 1: relative-error condition failed; learning-rate interval invalid; validation certificate rejected 1 batch(es); maximum validation-certified learning rate accepted after transactional search
[REALIZE] eta=1.9531e-03 realised=99.6% residual=4.2% iters=1
[DAMPING] rho=1.07e-12 lambda=1.186e-07 eps=0.4961 |u|=1.150e+01 eta=1.9531e-03 decrease=3.3812e-01
[FGD-STEP] Epoch 2: loss_before=5.656856e+01, loss_after=5.625158e+01, rel_err_before=0.6275, |r|=1.5042e+01, |g|=1.2766e+01, |u|=7.3284e+00, eta=0.001953, accepted=True
[REALIZE] eta=9.9431e-04 realised=99.6% residual=3.9% iters=1
[DAMPING] rho=2.71e-12 lambda=2.999e-07 eps=0.4980 |u|=1.148e+01 eta=9.9431e-04 decrease=1.7081e-01
[FGD-STEP] Epoch 2: loss_before=5.625158e+01, loss_after=5.609131e+01, rel_err_before=0.6301, |r|=1.5000e+01, |g|=1.2713e+01, |u|=7.3047e+00, eta=0.0009943, accepted=True
[REALIZE] eta=1.6413e-03 realised=99.7% residual=4.3% iters=1
[DAMPING] rho=8.07e-14 lambda=8.909e-09 eps=0.4967 |u|=1.172e+01 eta=1.6413e-03 decrease=2.8134e-01
[FGD-STEP] Epoch 2: loss_before=5.609131e+01, loss_after=5.582689e+01, rel_err_before=0.6296, |r|=1.4979e+01, |g|=1.2739e+01, |u|=7.5738e+00, eta=0.001641, accepted=True
[REALIZE] eta=1.6576e-03 realised=99.7% residual=4.2% iters=1
[DAMPING] rho=8.55e-13 lambda=9.415e-08 eps=0.4967 |u|=1.142e+01 eta=1.6576e-03 decrease=2.8266e-01
[FGD-STEP] Epoch 2: loss_before=5.582689e+01, loss_after=5.555993e+01, rel_err_before=0.6261, |r|=1.4943e+01, |g|=1.2755e+01, |u|=7.5619e+00, eta=0.001658, accepted=True
[REALIZE] eta=8.2499e-04 realised=99.6% residual=4.0% iters=1
[DAMPING] rho=2.08e-13 lambda=2.289e-08 eps=0.4984 |u|=1.174e+01 eta=8.2499e-04 decrease=1.3975e-01
[FGD-STEP] Epoch 2: loss_before=5.555993e+01, loss_after=5.542839e+01, rel_err_before=0.6319, |r|=1.4908e+01, |g|=1.2689e+01, |u|=7.5857e+00, eta=0.000825, accepted=True
[REALIZE] eta=4.2439e-04 realised=99.7% residual=4.1% iters=1
[DAMPING] rho=3.30e-14 lambda=3.623e-09 eps=0.4992 |u|=1.173e+01 eta=4.2439e-04 decrease=7.1655e-02
[FGD-STEP] Epoch 2: loss_before=5.542839e+01, loss_after=5.536093e+01, rel_err_before=0.6328, |r|=1.4890e+01, |g|=1.2672e+01, |u|=7.5760e+00, eta=0.0004244, accepted=True
[REALIZE] eta=4.8804e-04 realised=99.8% residual=4.0% iters=1
[DAMPING] rho=4.07e-13 lambda=4.460e-08 eps=0.4990 |u|=1.135e+01 eta=4.8804e-04 decrease=8.2298e-02
[FGD-STEP] Epoch 2: loss_before=5.536093e+01, loss_after=5.528325e+01, rel_err_before=0.6299, |r|=1.4881e+01, |g|=1.2676e+01, |u|=7.5013e+00, eta=0.000488, accepted=True
[REALIZE] eta=2.1840e-04 realised=99.6% residual=4.0% iters=1
[DAMPING] rho=5.40e-13 lambda=5.930e-08 eps=0.4996 |u|=1.167e+01 eta=2.1840e-04 decrease=3.6756e-02
[FGD-STEP] Epoch 2: loss_before=5.528325e+01, loss_after=5.524866e+01, rel_err_before=0.6342, |r|=1.4871e+01, |g|=1.2638e+01, |u|=7.5387e+00, eta=0.0002184, accepted=True
[FGD] Epoch 2, train_loss=0.0513, validation_loss=0.0540, test_loss=0.0543 (-0.0013), train_acc=0.359, validation_acc=0.366, test_acc=0.366, lr=0.0002184, rel_err=0.634
[FGD-WARN] Epoch 2: relative-error condition failed; learning-rate interval invalid; validation certificate rejected 1 batch(es); maximum validation-certified learning rate accepted after transactional search
[REALIZE] eta=1.1157e-04 realised=99.7% residual=4.1% iters=1
[DAMPING] rho=8.78e-13 lambda=9.635e-08 eps=0.4998 |u|=1.167e+01 eta=1.1157e-04 decrease=1.8761e-02
[FGD-STEP] Epoch 3: loss_before=5.524866e+01, loss_after=5.523099e+01, rel_err_before=0.6337, |r|=1.4866e+01, |g|=1.2641e+01, |u|=7.5362e+00, eta=0.0001116, accepted=True
[REALIZE] eta=5.7798e-05 realised=99.4% residual=4.5% iters=1
[DAMPING] rho=4.57e-13 lambda=5.020e-08 eps=0.4999 |u|=1.167e+01 eta=5.7798e-05 decrease=9.7145e-03
[FGD-STEP] Epoch 3: loss_before=5.523099e+01, loss_after=5.522186e+01, rel_err_before=0.6347, |r|=1.4864e+01, |g|=1.2627e+01, |u|=7.5349e+00, eta=5.78e-05, accepted=True
[REALIZE] eta=3.0185e-05 realised=99.8% residual=4.5% iters=3
[DAMPING] rho=2.39e-14 lambda=2.628e-09 eps=0.4999 |u|=1.167e+01 eta=3.0185e-05 decrease=5.0723e-03
[FGD-STEP] Epoch 3: loss_before=5.522186e+01, loss_after=5.521709e+01, rel_err_before=0.6338, |r|=1.4862e+01, |g|=1.2654e+01, |u|=1.0453e+01, eta=3.018e-05, accepted=True
[REALIZE] eta=1.5167e-05 realised=100.1% residual=9.2% iters=2
[DAMPING] rho=6.78e-13 lambda=7.441e-08 eps=0.5000 |u|=1.167e+01 eta=1.5167e-05 decrease=2.5484e-03
[FGD-STEP] Epoch 3: loss_before=5.521709e+01, loss_after=5.521470e+01, rel_err_before=0.6368, |r|=1.4862e+01, |g|=1.2666e+01, |u|=9.6194e+00, eta=1.517e-05, accepted=True
[REALIZE] eta=7.0843e-06 realised=102.8% residual=18.6% iters=3
[DAMPING] rho=3.18e-13 lambda=3.488e-08 eps=0.5000 |u|=1.167e+01 eta=7.0843e-06 decrease=1.1902e-03
[FGD] Epoch 3, train_loss=0.0513, validation_loss=0.0539, test_loss=0.0543 (-0.0000), train_acc=0.359, validation_acc=0.366, test_acc=0.366, lr=1.517e-05, rel_err=0.637
[FGD-WARN] Epoch 3: relative-error condition failed; learning-rate interval invalid; validation certificate rejected 1 batch(es); maximum validation-certified learning rate accepted after transactional search
[REALIZE] eta=7.0843e-06 realised=102.8% residual=18.6% iters=3
[DAMPING] rho=3.18e-13 lambda=3.488e-08 eps=0.5000 |u|=1.167e+01 eta=7.0843e-06 decrease=1.1902e-03
[FGD] Epoch 4, train_loss=0.0513, validation_loss=0.0539, test_loss=0.0543 (+0.0000), train_acc=0.359, validation_acc=0.366, test_acc=0.366, lr=0, rel_err=0.551
[FGD-WARN] Epoch 4: relative-error condition failed; learning-rate interval invalid; validation certificate rejected 1 batch(es); no learning rate satisfied all validation conditions; model update rejected
[REALIZE] eta=7.0843e-06 realised=102.8% residual=18.6% iters=3
[DAMPING] rho=3.18e-13 lambda=3.488e-08 eps=0.5000 |u|=1.167e+01 eta=7.0843e-06 decrease=1.1902e-03
[FGD] Epoch 5, train_loss=0.0513, validation_loss=0.0539, test_loss=0.0543 (+0.0000), train_acc=0.359, validation_acc=0.366, test_acc=0.366, lr=0, rel_err=0.551
[FGD-WARN] Epoch 5: relative-error condition failed; learning-rate interval invalid; validation certificate rejected 1 batch(es); no learning rate satisfied all validation conditions; model update rejected
[REALIZE] eta=7.0843e-06 realised=102.8% residual=18.6% iters=3
[DAMPING] rho=3.18e-13 lambda=3.488e-08 eps=0.5000 |u|=1.167e+01 eta=7.0843e-06 decrease=1.1902e-03
[FGD] Epoch 6, train_loss=0.0513, validation_loss=0.0539, test_loss=0.0543 (+0.0000), train_acc=0.359, validation_acc=0.366, test_acc=0.366, lr=0, rel_err=0.551
[FGD-WARN] Epoch 6: relative-error condition failed; learning-rate interval invalid; validation certificate rejected 1 batch(es); no learning rate satisfied all validation conditions; model update rejected
[REALIZE] eta=7.0843e-06 realised=102.8% residual=18.6% iters=3
[DAMPING] rho=3.18e-13 lambda=3.488e-08 eps=0.5000 |u|=1.167e+01 eta=7.0843e-06 decrease=1.1902e-03
[FGD] Epoch 7, train_loss=0.0513, validation_loss=0.0539, test_loss=0.0543 (+0.0000), train_acc=0.359, validation_acc=0.366, test_acc=0.366, lr=0, rel_err=0.551
[FGD-WARN] Epoch 7: relative-error condition failed; learning-rate interval invalid; validation certificate rejected 1 batch(es); no learning rate satisfied all validation conditions; model update rejected
[REALIZE] eta=7.0843e-06 realised=102.8% residual=18.6% iters=3
[DAMPING] rho=3.18e-13 lambda=3.488e-08 eps=0.5000 |u|=1.167e+01 eta=7.0843e-06 decrease=1.1902e-03
[FGD] Epoch 8, train_loss=0.0513, validation_loss=0.0539, test_loss=0.0543 (+0.0000), train_acc=0.359, validation_acc=0.366, test_acc=0.366, lr=0, rel_err=0.551
[FGD-WARN] Epoch 8: relative-error condition failed; learning-rate interval invalid; validation certificate rejected 1 batch(es); no learning rate satisfied all validation conditions; model update rejected
[REALIZE] eta=7.0843e-06 realised=102.8% residual=18.6% iters=3
[DAMPING] rho=3.18e-13 lambda=3.488e-08 eps=0.5000 |u|=1.167e+01 eta=7.0843e-06 decrease=1.1902e-03
[FGD] Epoch 9, train_loss=0.0513, validation_loss=0.0539, test_loss=0.0543 (+0.0000), train_acc=0.359, validation_acc=0.366, test_acc=0.366, lr=0, rel_err=0.551
[FGD-WARN] Epoch 9: relative-error condition failed; learning-rate interval invalid; validation certificate rejected 1 batch(es); no learning rate satisfied all validation conditions; model update rejected
[REALIZE] eta=7.0843e-06 realised=102.8% residual=18.6% iters=3
[DAMPING] rho=3.18e-13 lambda=3.488e-08 eps=0.5000 |u|=1.167e+01 eta=7.0843e-06 decrease=1.1902e-03
[FGD] Epoch 10, train_loss=0.0513, validation_loss=0.0539, test_loss=0.0543 (+0.0000), train_acc=0.359, validation_acc=0.366, test_acc=0.366, lr=0, rel_err=0.551
[FGD-WARN] Epoch 10: relative-error condition failed; learning-rate interval invalid; validation certificate rejected 1 batch(es); no learning rate satisfied all validation conditions; model update rejected
[REALIZE] eta=7.0843e-06 realised=102.8% residual=18.6% iters=3
[DAMPING] rho=3.18e-13 lambda=3.488e-08 eps=0.5000 |u|=1.167e+01 eta=7.0843e-06 decrease=1.1902e-03
[FGD] Epoch 11, train_loss=0.0513, validation_loss=0.0539, test_loss=0.0543 (+0.0000), train_acc=0.359, validation_acc=0.366, test_acc=0.366, lr=0, rel_err=0.551
[FGD-WARN] Epoch 11: relative-error condition failed; learning-rate interval invalid; validation certificate rejected 1 batch(es); no learning rate satisfied all validation conditions; model update rejected
[REALIZE] eta=7.0843e-06 realised=102.8% residual=18.6% iters=3
[DAMPING] rho=3.18e-13 lambda=3.488e-08 eps=0.5000 |u|=1.167e+01 eta=7.0843e-06 decrease=1.1902e-03
[FGD] Epoch 12, train_loss=0.0513, validation_loss=0.0539, test_loss=0.0543 (+0.0000), train_acc=0.359, validation_acc=0.366, test_acc=0.366, lr=0, rel_err=0.551
[FGD-WARN] Epoch 12: relative-error condition failed; learning-rate interval invalid; validation certificate rejected 1 batch(es); no learning rate satisfied all validation conditions; model update rejected
[REALIZE] eta=7.0843e-06 realised=102.8% residual=18.6% iters=3
[DAMPING] rho=3.18e-13 lambda=3.488e-08 eps=0.5000 |u|=1.167e+01 eta=7.0843e-06 decrease=1.1902e-03
[FGD] Epoch 13, train_loss=0.0513, validation_loss=0.0539, test_loss=0.0543 (+0.0000), train_acc=0.359, validation_acc=0.366, test_acc=0.366, lr=0, rel_err=0.551
[FGD-WARN] Epoch 13: relative-error condition failed; learning-rate interval invalid; validation certificate rejected 1 batch(es); no learning rate satisfied all validation conditions; model update rejected
[REALIZE] eta=7.0843e-06 realised=102.8% residual=18.6% iters=3
[DAMPING] rho=3.18e-13 lambda=3.488e-08 eps=0.5000 |u|=1.167e+01 eta=7.0843e-06 decrease=1.1902e-03
[FGD] Epoch 14, train_loss=0.0513, validation_loss=0.0539, test_loss=0.0543 (+0.0000), train_acc=0.359, validation_acc=0.366, test_acc=0.366, lr=0, rel_err=0.551
[FGD-WARN] Epoch 14: relative-error condition failed; learning-rate interval invalid; validation certificate rejected 1 batch(es); no learning rate satisfied all validation conditions; model update rejected
[REALIZE] eta=7.0843e-06 realised=102.8% residual=18.6% iters=3
[DAMPING] rho=3.18e-13 lambda=3.488e-08 eps=0.5000 |u|=1.167e+01 eta=7.0843e-06 decrease=1.1902e-03
[FGD] Epoch 15, train_loss=0.0513, validation_loss=0.0539, test_loss=0.0543 (+0.0000), train_acc=0.359, validation_acc=0.366, test_acc=0.366, lr=0, rel_err=0.551
[FGD-WARN] Epoch 15: relative-error condition failed; learning-rate interval invalid; validation certificate rejected 1 batch(es); no learning rate satisfied all validation conditions; model update rejected
[REALIZE] eta=7.0843e-06 realised=102.8% residual=18.6% iters=3
[DAMPING] rho=3.18e-13 lambda=3.488e-08 eps=0.5000 |u|=1.167e+01 eta=7.0843e-06 decrease=1.1902e-03
[FGD] Epoch 16, train_loss=0.0513, validation_loss=0.0539, test_loss=0.0543 (+0.0000), train_acc=0.359, validation_acc=0.366, test_acc=0.366, lr=0, rel_err=0.551
[FGD-WARN] Epoch 16: relative-error condition failed; learning-rate interval invalid; validation certificate rejected 1 batch(es); no learning rate satisfied all validation conditions; model update rejected
[REALIZE] eta=7.0843e-06 realised=102.8% residual=18.6% iters=3
[DAMPING] rho=3.18e-13 lambda=3.488e-08 eps=0.5000 |u|=1.167e+01 eta=7.0843e-06 decrease=1.1902e-03
[FGD] Epoch 17, train_loss=0.0513, validation_loss=0.0539, test_loss=0.0543 (+0.0000), train_acc=0.359, validation_acc=0.366, test_acc=0.366, lr=0, rel_err=0.551
[FGD-WARN] Epoch 17: relative-error condition failed; learning-rate interval invalid; validation certificate rejected 1 batch(es); no learning rate satisfied all validation conditions; model update rejected
[REALIZE] eta=7.0843e-06 realised=102.8% residual=18.6% iters=3
[DAMPING] rho=3.18e-13 lambda=3.488e-08 eps=0.5000 |u|=1.167e+01 eta=7.0843e-06 decrease=1.1902e-03
[FGD] Epoch 18, train_loss=0.0513, validation_loss=0.0539, test_loss=0.0543 (+0.0000), train_acc=0.359, validation_acc=0.366, test_acc=0.366, lr=0, rel_err=0.551
[FGD-WARN] Epoch 18: relative-error condition failed; learning-rate interval invalid; validation certificate rejected 1 batch(es); no learning rate satisfied all validation conditions; model update rejected
[REALIZE] eta=7.0843e-06 realised=102.8% residual=18.6% iters=3
[DAMPING] rho=3.18e-13 lambda=3.488e-08 eps=0.5000 |u|=1.167e+01 eta=7.0843e-06 decrease=1.1902e-03
[FGD] Epoch 19, train_loss=0.0513, validation_loss=0.0539, test_loss=0.0543 (+0.0000), train_acc=0.359, validation_acc=0.366, test_acc=0.366, lr=0, rel_err=0.551
[FGD-WARN] Epoch 19: relative-error condition failed; learning-rate interval invalid; validation certificate rejected 1 batch(es); no learning rate satisfied all validation conditions; model update rejected
[REALIZE] eta=7.0843e-06 realised=102.8% residual=18.6% iters=3
[DAMPING] rho=3.18e-13 lambda=3.488e-08 eps=0.5000 |u|=1.167e+01 eta=7.0843e-06 decrease=1.1902e-03
[FGD] Epoch 20, train_loss=0.0513, validation_loss=0.0539, test_loss=0.0543 (+0.0000), train_acc=0.359, validation_acc=0.366, test_acc=0.366, lr=0, rel_err=0.551
[FGD-WARN] Epoch 20: relative-error condition failed; learning-rate interval invalid; validation certificate rejected 1 batch(es); no learning rate satisfied all validation conditions; model update rejected
[REALIZE] eta=7.0843e-06 realised=102.8% residual=18.6% iters=3
[DAMPING] rho=3.18e-13 lambda=3.488e-08 eps=0.5000 |u|=1.167e+01 eta=7.0843e-06 decrease=1.1902e-03
[FGD] Epoch 21, train_loss=0.0513, validation_loss=0.0539, test_loss=0.0543 (+0.0000), train_acc=0.359, validation_acc=0.366, test_acc=0.366, lr=0, rel_err=0.551
[FGD-WARN] Epoch 21: relative-error condition failed; learning-rate interval invalid; validation certificate rejected 1 batch(es); no learning rate satisfied all validation conditions; model update rejected
[REALIZE] eta=7.0843e-06 realised=102.8% residual=18.6% iters=3
[DAMPING] rho=3.18e-13 lambda=3.488e-08 eps=0.5000 |u|=1.167e+01 eta=7.0843e-06 decrease=1.1902e-03
[FGD] Epoch 22, train_loss=0.0513, validation_loss=0.0539, test_loss=0.0543 (+0.0000), train_acc=0.359, validation_acc=0.366, test_acc=0.366, lr=0, rel_err=0.551
[FGD-WARN] Epoch 22: relative-error condition failed; learning-rate interval invalid; validation certificate rejected 1 batch(es); no learning rate satisfied all validation conditions; model update rejected
[REALIZE] eta=7.0843e-06 realised=102.8% residual=18.6% iters=3
[DAMPING] rho=3.18e-13 lambda=3.488e-08 eps=0.5000 |u|=1.167e+01 eta=7.0843e-06 decrease=1.1902e-03
[FGD] Epoch 23, train_loss=0.0513, validation_loss=0.0539, test_loss=0.0543 (+0.0000), train_acc=0.359, validation_acc=0.366, test_acc=0.366, lr=0, rel_err=0.551
[FGD-WARN] Epoch 23: relative-error condition failed; learning-rate interval invalid; validation certificate rejected 1 batch(es); no learning rate satisfied all validation conditions; model update rejected
[REALIZE] eta=7.0843e-06 realised=102.8% residual=18.6% iters=3
[DAMPING] rho=3.18e-13 lambda=3.488e-08 eps=0.5000 |u|=1.167e+01 eta=7.0843e-06 decrease=1.1902e-03
[FGD] Epoch 24, train_loss=0.0513, validation_loss=0.0539, test_loss=0.0543 (+0.0000), train_acc=0.359, validation_acc=0.366, test_acc=0.366, lr=0, rel_err=0.551
[FGD-WARN] Epoch 24: relative-error condition failed; learning-rate interval invalid; validation certificate rejected 1 batch(es); no learning rate satisfied all validation conditions; model update rejected
[REALIZE] eta=7.0843e-06 realised=102.8% residual=18.6% iters=3
[DAMPING] rho=3.18e-13 lambda=3.488e-08 eps=0.5000 |u|=1.167e+01 eta=7.0843e-06 decrease=1.1902e-03
[FGD] Epoch 25, train_loss=0.0513, validation_loss=0.0539, test_loss=0.0543 (+0.0000), train_acc=0.359, validation_acc=0.366, test_acc=0.366, lr=0, rel_err=0.551
[FGD-WARN] Epoch 25: relative-error condition failed; learning-rate interval invalid; validation certificate rejected 1 batch(es); no learning rate satisfied all validation conditions; model update rejected
[REALIZE] eta=7.0843e-06 realised=102.8% residual=18.6% iters=3
[DAMPING] rho=3.18e-13 lambda=3.488e-08 eps=0.5000 |u|=1.167e+01 eta=7.0843e-06 decrease=1.1902e-03
[FGD] Epoch 26, train_loss=0.0513, validation_loss=0.0539, test_loss=0.0543 (+0.0000), train_acc=0.359, validation_acc=0.366, test_acc=0.366, lr=0, rel_err=0.551
[FGD-WARN] Epoch 26: relative-error condition failed; learning-rate interval invalid; validation certificate rejected 1 batch(es); no learning rate satisfied all validation conditions; model update rejected
[REALIZE] eta=7.0843e-06 realised=102.8% residual=18.6% iters=3
[DAMPING] rho=3.18e-13 lambda=3.488e-08 eps=0.5000 |u|=1.167e+01 eta=7.0843e-06 decrease=1.1902e-03
[FGD] Epoch 27, train_loss=0.0513, validation_loss=0.0539, test_loss=0.0543 (+0.0000), train_acc=0.359, validation_acc=0.366, test_acc=0.366, lr=0, rel_err=0.551
[FGD-WARN] Epoch 27: relative-error condition failed; learning-rate interval invalid; validation certificate rejected 1 batch(es); no learning rate satisfied all validation conditions; model update rejected
[REALIZE] eta=7.0843e-06 realised=102.8% residual=18.6% iters=3
[DAMPING] rho=3.18e-13 lambda=3.488e-08 eps=0.5000 |u|=1.167e+01 eta=7.0843e-06 decrease=1.1902e-03
[FGD] Epoch 28, train_loss=0.0513, validation_loss=0.0539, test_loss=0.0543 (+0.0000), train_acc=0.359, validation_acc=0.366, test_acc=0.366, lr=0, rel_err=0.551
[FGD-WARN] Epoch 28: relative-error condition failed; learning-rate interval invalid; validation certificate rejected 1 batch(es); no learning rate satisfied all validation conditions; model update rejected
[REALIZE] eta=7.0843e-06 realised=102.8% residual=18.6% iters=3
[DAMPING] rho=3.18e-13 lambda=3.488e-08 eps=0.5000 |u|=1.167e+01 eta=7.0843e-06 decrease=1.1902e-03
[FGD] Epoch 29, train_loss=0.0513, validation_loss=0.0539, test_loss=0.0543 (+0.0000), train_acc=0.359, validation_acc=0.366, test_acc=0.366, lr=0, rel_err=0.551
[FGD-WARN] Epoch 29: relative-error condition failed; learning-rate interval invalid; validation certificate rejected 1 batch(es); no learning rate satisfied all validation conditions; model update rejected
[REALIZE] eta=7.0843e-06 realised=102.8% residual=18.6% iters=3
[DAMPING] rho=3.18e-13 lambda=3.488e-08 eps=0.5000 |u|=1.167e+01 eta=7.0843e-06 decrease=1.1902e-03
[FGD] Epoch 30, train_loss=0.0513, validation_loss=0.0539, test_loss=0.0543 (+0.0000), train_acc=0.359, validation_acc=0.366, test_acc=0.366, lr=0, rel_err=0.551
[FGD-WARN] Epoch 30: relative-error condition failed; learning-rate interval invalid; validation certificate rejected 1 batch(es); no learning rate satisfied all validation conditions; model update rejected
[REALIZE] eta=7.0843e-06 realised=102.8% residual=18.6% iters=3
[DAMPING] rho=3.18e-13 lambda=3.488e-08 eps=0.5000 |u|=1.167e+01 eta=7.0843e-06 decrease=1.1902e-03
[FGD] Epoch 31, train_loss=0.0513, validation_loss=0.0539, test_loss=0.0543 (+0.0000), train_acc=0.359, validation_acc=0.366, test_acc=0.366, lr=0, rel_err=0.551
[FGD-WARN] Epoch 31: relative-error condition failed; learning-rate interval invalid; validation certificate rejected 1 batch(es); no learning rate satisfied all validation conditions; model update rejected
[REALIZE] eta=7.0843e-06 realised=102.8% residual=18.6% iters=3
[DAMPING] rho=3.18e-13 lambda=3.488e-08 eps=0.5000 |u|=1.167e+01 eta=7.0843e-06 decrease=1.1902e-03
[FGD] Epoch 32, train_loss=0.0513, validation_loss=0.0539, test_loss=0.0543 (+0.0000), train_acc=0.359, validation_acc=0.366, test_acc=0.366, lr=0, rel_err=0.551
[FGD-WARN] Epoch 32: relative-error condition failed; learning-rate interval invalid; validation certificate rejected 1 batch(es); no learning rate satisfied all validation conditions; model update rejected
[REALIZE] eta=7.0843e-06 realised=102.8% residual=18.6% iters=3
[DAMPING] rho=3.18e-13 lambda=3.488e-08 eps=0.5000 |u|=1.167e+01 eta=7.0843e-06 decrease=1.1902e-03
[FGD] Epoch 33, train_loss=0.0513, validation_loss=0.0539, test_loss=0.0543 (+0.0000), train_acc=0.359, validation_acc=0.366, test_acc=0.366, lr=0, rel_err=0.551
[FGD-WARN] Epoch 33: relative-error condition failed; learning-rate interval invalid; validation certificate rejected 1 batch(es); no learning rate satisfied all validation conditions; model update rejected
[REALIZE] eta=7.0843e-06 realised=102.8% residual=18.6% iters=3
[DAMPING] rho=3.18e-13 lambda=3.488e-08 eps=0.5000 |u|=1.167e+01 eta=7.0843e-06 decrease=1.1902e-03
[FGD] Epoch 34, train_loss=0.0513, validation_loss=0.0539, test_loss=0.0543 (+0.0000), train_acc=0.359, validation_acc=0.366, test_acc=0.366, lr=0, rel_err=0.551
[FGD-WARN] Epoch 34: relative-error condition failed; learning-rate interval invalid; validation certificate rejected 1 batch(es); no learning rate satisfied all validation conditions; model update rejected
[REALIZE] eta=7.0843e-06 realised=102.8% residual=18.6% iters=3
[DAMPING] rho=3.18e-13 lambda=3.488e-08 eps=0.5000 |u|=1.167e+01 eta=7.0843e-06 decrease=1.1902e-03
[FGD] Epoch 35, train_loss=0.0513, validation_loss=0.0539, test_loss=0.0543 (+0.0000), train_acc=0.359, validation_acc=0.366, test_acc=0.366, lr=0, rel_err=0.551
[FGD-WARN] Epoch 35: relative-error condition failed; learning-rate interval invalid; validation certificate rejected 1 batch(es); no learning rate satisfied all validation conditions; model update rejected
[REALIZE] eta=7.0843e-06 realised=102.8% residual=18.6% iters=3
[DAMPING] rho=3.18e-13 lambda=3.488e-08 eps=0.5000 |u|=1.167e+01 eta=7.0843e-06 decrease=1.1902e-03
[FGD] Epoch 36, train_loss=0.0513, validation_loss=0.0539, test_loss=0.0543 (+0.0000), train_acc=0.359, validation_acc=0.366, test_acc=0.366, lr=0, rel_err=0.551
[FGD-WARN] Epoch 36: relative-error condition failed; learning-rate interval invalid; validation certificate rejected 1 batch(es); no learning rate satisfied all validation conditions; model update rejected
[REALIZE] eta=7.0843e-06 realised=102.8% residual=18.6% iters=3
[DAMPING] rho=3.18e-13 lambda=3.488e-08 eps=0.5000 |u|=1.167e+01 eta=7.0843e-06 decrease=1.1902e-03
[FGD] Epoch 37, train_loss=0.0513, validation_loss=0.0539, test_loss=0.0543 (+0.0000), train_acc=0.359, validation_acc=0.366, test_acc=0.366, lr=0, rel_err=0.551
[FGD-WARN] Epoch 37: relative-error condition failed; learning-rate interval invalid; validation certificate rejected 1 batch(es); no learning rate satisfied all validation conditions; model update rejected
[REALIZE] eta=7.0843e-06 realised=102.8% residual=18.6% iters=3
[DAMPING] rho=3.18e-13 lambda=3.488e-08 eps=0.5000 |u|=1.167e+01 eta=7.0843e-06 decrease=1.1902e-03
[FGD] Epoch 38, train_loss=0.0513, validation_loss=0.0539, test_loss=0.0543 (+0.0000), train_acc=0.359, validation_acc=0.366, test_acc=0.366, lr=0, rel_err=0.551
[FGD-WARN] Epoch 38: relative-error condition failed; learning-rate interval invalid; validation certificate rejected 1 batch(es); no learning rate satisfied all validation conditions; model update rejected
[REALIZE] eta=7.0843e-06 realised=102.8% residual=18.6% iters=3
[DAMPING] rho=3.18e-13 lambda=3.488e-08 eps=0.5000 |u|=1.167e+01 eta=7.0843e-06 decrease=1.1902e-03
[FGD] Epoch 39, train_loss=0.0513, validation_loss=0.0539, test_loss=0.0543 (+0.0000), train_acc=0.359, validation_acc=0.366, test_acc=0.366, lr=0, rel_err=0.551
[FGD-WARN] Epoch 39: relative-error condition failed; learning-rate interval invalid; validation certificate rejected 1 batch(es); no learning rate satisfied all validation conditions; model update rejected
[REALIZE] eta=7.0843e-06 realised=102.8% residual=18.6% iters=3
[DAMPING] rho=3.18e-13 lambda=3.488e-08 eps=0.5000 |u|=1.167e+01 eta=7.0843e-06 decrease=1.1902e-03
[FGD] Epoch 40, train_loss=0.0513, validation_loss=0.0539, test_loss=0.0543 (+0.0000), train_acc=0.359, validation_acc=0.366, test_acc=0.366, lr=0, rel_err=0.551
[FGD-WARN] Epoch 40: relative-error condition failed; learning-rate interval invalid; validation certificate rejected 1 batch(es); no learning rate satisfied all validation conditions; model update rejected
[REALIZE] eta=7.0843e-06 realised=102.8% residual=18.6% iters=3
[DAMPING] rho=3.18e-13 lambda=3.488e-08 eps=0.5000 |u|=1.167e+01 eta=7.0843e-06 decrease=1.1902e-03
[FGD] Epoch 41, train_loss=0.0513, validation_loss=0.0539, test_loss=0.0543 (+0.0000), train_acc=0.359, validation_acc=0.366, test_acc=0.366, lr=0, rel_err=0.551
[FGD-WARN] Epoch 41: relative-error condition failed; learning-rate interval invalid; validation certificate rejected 1 batch(es); no learning rate satisfied all validation conditions; model update rejected
[REALIZE] eta=7.0843e-06 realised=102.8% residual=18.6% iters=3
[DAMPING] rho=3.18e-13 lambda=3.488e-08 eps=0.5000 |u|=1.167e+01 eta=7.0843e-06 decrease=1.1902e-03
[FGD] Epoch 42, train_loss=0.0513, validation_loss=0.0539, test_loss=0.0543 (+0.0000), train_acc=0.359, validation_acc=0.366, test_acc=0.366, lr=0, rel_err=0.551
[FGD-WARN] Epoch 42: relative-error condition failed; learning-rate interval invalid; validation certificate rejected 1 batch(es); no learning rate satisfied all validation conditions; model update rejected
[REALIZE] eta=7.0843e-06 realised=102.8% residual=18.6% iters=3
[DAMPING] rho=3.18e-13 lambda=3.488e-08 eps=0.5000 |u|=1.167e+01 eta=7.0843e-06 decrease=1.1902e-03
[FGD] Epoch 43, train_loss=0.0513, validation_loss=0.0539, test_loss=0.0543 (+0.0000), train_acc=0.359, validation_acc=0.366, test_acc=0.366, lr=0, rel_err=0.551
[FGD-WARN] Epoch 43: relative-error condition failed; learning-rate interval invalid; validation certificate rejected 1 batch(es); no learning rate satisfied all validation conditions; model update rejected
[REALIZE] eta=7.0843e-06 realised=102.8% residual=18.6% iters=3
[DAMPING] rho=3.18e-13 lambda=3.488e-08 eps=0.5000 |u|=1.167e+01 eta=7.0843e-06 decrease=1.1902e-03
[FGD] Epoch 44, train_loss=0.0513, validation_loss=0.0539, test_loss=0.0543 (+0.0000), train_acc=0.359, validation_acc=0.366, test_acc=0.366, lr=0, rel_err=0.551
[FGD-WARN] Epoch 44: relative-error condition failed; learning-rate interval invalid; validation certificate rejected 1 batch(es); no learning rate satisfied all validation conditions; model update rejected
[REALIZE] eta=7.0843e-06 realised=102.8% residual=18.6% iters=3
[DAMPING] rho=3.18e-13 lambda=3.488e-08 eps=0.5000 |u|=1.167e+01 eta=7.0843e-06 decrease=1.1902e-03
[FGD] Epoch 45, train_loss=0.0513, validation_loss=0.0539, test_loss=0.0543 (+0.0000), train_acc=0.359, validation_acc=0.366, test_acc=0.366, lr=0, rel_err=0.551
[FGD-WARN] Epoch 45: relative-error condition failed; learning-rate interval invalid; validation certificate rejected 1 batch(es); no learning rate satisfied all validation conditions; model update rejected
[REALIZE] eta=7.0843e-06 realised=102.8% residual=18.6% iters=3
[DAMPING] rho=3.18e-13 lambda=3.488e-08 eps=0.5000 |u|=1.167e+01 eta=7.0843e-06 decrease=1.1902e-03
[FGD] Epoch 46, train_loss=0.0513, validation_loss=0.0539, test_loss=0.0543 (+0.0000), train_acc=0.359, validation_acc=0.366, test_acc=0.366, lr=0, rel_err=0.551
[FGD-WARN] Epoch 46: relative-error condition failed; learning-rate interval invalid; validation certificate rejected 1 batch(es); no learning rate satisfied all validation conditions; model update rejected
[REALIZE] eta=7.0843e-06 realised=102.8% residual=18.6% iters=3
[DAMPING] rho=3.18e-13 lambda=3.488e-08 eps=0.5000 |u|=1.167e+01 eta=7.0843e-06 decrease=1.1902e-03
[FGD] Epoch 47, train_loss=0.0513, validation_loss=0.0539, test_loss=0.0543 (+0.0000), train_acc=0.359, validation_acc=0.366, test_acc=0.366, lr=0, rel_err=0.551
[FGD-WARN] Epoch 47: relative-error condition failed; learning-rate interval invalid; validation certificate rejected 1 batch(es); no learning rate satisfied all validation conditions; model update rejected
[REALIZE] eta=7.0843e-06 realised=102.8% residual=18.6% iters=3
[DAMPING] rho=3.18e-13 lambda=3.488e-08 eps=0.5000 |u|=1.167e+01 eta=7.0843e-06 decrease=1.1902e-03
[FGD] Epoch 48, train_loss=0.0513, validation_loss=0.0539, test_loss=0.0543 (+0.0000), train_acc=0.359, validation_acc=0.366, test_acc=0.366, lr=0, rel_err=0.551
[FGD-WARN] Epoch 48: relative-error condition failed; learning-rate interval invalid; validation certificate rejected 1 batch(es); no learning rate satisfied all validation conditions; model update rejected
[REALIZE] eta=7.0843e-06 realised=102.8% residual=18.6% iters=3
[DAMPING] rho=3.18e-13 lambda=3.488e-08 eps=0.5000 |u|=1.167e+01 eta=7.0843e-06 decrease=1.1902e-03
[FGD] Epoch 49, train_loss=0.0513, validation_loss=0.0539, test_loss=0.0543 (+0.0000), train_acc=0.359, validation_acc=0.366, test_acc=0.366, lr=0, rel_err=0.551
[FGD-WARN] Epoch 49: relative-error condition failed; learning-rate interval invalid; validation certificate rejected 1 batch(es); no learning rate satisfied all validation conditions; model update rejected
[REALIZE] eta=7.0843e-06 realised=102.8% residual=18.6% iters=3
[DAMPING] rho=3.18e-13 lambda=3.488e-08 eps=0.5000 |u|=1.167e+01 eta=7.0843e-06 decrease=1.1902e-03
[FGD] Epoch 50, train_loss=0.0513, validation_loss=0.0539, test_loss=0.0543 (+0.0000), train_acc=0.359, validation_acc=0.366, test_acc=0.366, lr=0, rel_err=0.551
[FGD-WARN] Epoch 50: relative-error condition failed; learning-rate interval invalid; validation certificate rejected 1 batch(es); no learning rate satisfied all validation conditions; model update rejected
[REALIZE] eta=7.0843e-06 realised=102.8% residual=18.6% iters=3
[DAMPING] rho=3.18e-13 lambda=3.488e-08 eps=0.5000 |u|=1.167e+01 eta=7.0843e-06 decrease=1.1902e-03
[FGD] Epoch 51, train_loss=0.0513, validation_loss=0.0539, test_loss=0.0543 (+0.0000), train_acc=0.359, validation_acc=0.366, test_acc=0.366, lr=0, rel_err=0.551
[FGD-WARN] Epoch 51: relative-error condition failed; learning-rate interval invalid; validation certificate rejected 1 batch(es); no learning rate satisfied all validation conditions; model update rejected
[REALIZE] eta=7.0843e-06 realised=102.8% residual=18.6% iters=3
[DAMPING] rho=3.18e-13 lambda=3.488e-08 eps=0.5000 |u|=1.167e+01 eta=7.0843e-06 decrease=1.1902e-03
[FGD] Epoch 52, train_loss=0.0513, validation_loss=0.0539, test_loss=0.0543 (+0.0000), train_acc=0.359, validation_acc=0.366, test_acc=0.366, lr=0, rel_err=0.551
[FGD-WARN] Epoch 52: relative-error condition failed; learning-rate interval invalid; validation certificate rejected 1 batch(es); no learning rate satisfied all validation conditions; model update rejected
[REALIZE] eta=7.0843e-06 realised=102.8% residual=18.6% iters=3
[DAMPING] rho=3.18e-13 lambda=3.488e-08 eps=0.5000 |u|=1.167e+01 eta=7.0843e-06 decrease=1.1902e-03
[FGD] Epoch 53, train_loss=0.0513, validation_loss=0.0539, test_loss=0.0543 (+0.0000), train_acc=0.359, validation_acc=0.366, test_acc=0.366, lr=0, rel_err=0.551
[FGD-WARN] Epoch 53: relative-error condition failed; learning-rate interval invalid; validation certificate rejected 1 batch(es); no learning rate satisfied all validation conditions; model update rejected
[REALIZE] eta=7.0843e-06 realised=102.8% residual=18.6% iters=3
[DAMPING] rho=3.18e-13 lambda=3.488e-08 eps=0.5000 |u|=1.167e+01 eta=7.0843e-06 decrease=1.1902e-03
[FGD] Epoch 54, train_loss=0.0513, validation_loss=0.0539, test_loss=0.0543 (+0.0000), train_acc=0.359, validation_acc=0.366, test_acc=0.366, lr=0, rel_err=0.551
[FGD-WARN] Epoch 54: relative-error condition failed; learning-rate interval invalid; validation certificate rejected 1 batch(es); no learning rate satisfied all validation conditions; model update rejected
[REALIZE] eta=7.0843e-06 realised=102.8% residual=18.6% iters=3
[DAMPING] rho=3.18e-13 lambda=3.488e-08 eps=0.5000 |u|=1.167e+01 eta=7.0843e-06 decrease=1.1902e-03
[FGD] Epoch 55, train_loss=0.0513, validation_loss=0.0539, test_loss=0.0543 (+0.0000), train_acc=0.359, validation_acc=0.366, test_acc=0.366, lr=0, rel_err=0.551
[FGD-WARN] Epoch 55: relative-error condition failed; learning-rate interval invalid; validation certificate rejected 1 batch(es); no learning rate satisfied all validation conditions; model update rejected
[REALIZE] eta=7.0843e-06 realised=102.8% residual=18.6% iters=3
[DAMPING] rho=3.18e-13 lambda=3.488e-08 eps=0.5000 |u|=1.167e+01 eta=7.0843e-06 decrease=1.1902e-03
[FGD] Epoch 56, train_loss=0.0513, validation_loss=0.0539, test_loss=0.0543 (+0.0000), train_acc=0.359, validation_acc=0.366, test_acc=0.366, lr=0, rel_err=0.551
[FGD-WARN] Epoch 56: relative-error condition failed; learning-rate interval invalid; validation certificate rejected 1 batch(es); no learning rate satisfied all validation conditions; model update rejected
[REALIZE] eta=7.0843e-06 realised=102.8% residual=18.6% iters=3
[DAMPING] rho=3.18e-13 lambda=3.488e-08 eps=0.5000 |u|=1.167e+01 eta=7.0843e-06 decrease=1.1902e-03
[FGD] Epoch 57, train_loss=0.0513, validation_loss=0.0539, test_loss=0.0543 (+0.0000), train_acc=0.359, validation_acc=0.366, test_acc=0.366, lr=0, rel_err=0.551
[FGD-WARN] Epoch 57: relative-error condition failed; learning-rate interval invalid; validation certificate rejected 1 batch(es); no learning rate satisfied all validation conditions; model update rejected
[REALIZE] eta=7.0843e-06 realised=102.8% residual=18.6% iters=3
[DAMPING] rho=3.18e-13 lambda=3.488e-08 eps=0.5000 |u|=1.167e+01 eta=7.0843e-06 decrease=1.1902e-03
[FGD] Epoch 58, train_loss=0.0513, validation_loss=0.0539, test_loss=0.0543 (+0.0000), train_acc=0.359, validation_acc=0.366, test_acc=0.366, lr=0, rel_err=0.551
[FGD-WARN] Epoch 58: relative-error condition failed; learning-rate interval invalid; validation certificate rejected 1 batch(es); no learning rate satisfied all validation conditions; model update rejected
[REALIZE] eta=7.0843e-06 realised=102.8% residual=18.6% iters=3
[DAMPING] rho=3.18e-13 lambda=3.488e-08 eps=0.5000 |u|=1.167e+01 eta=7.0843e-06 decrease=1.1902e-03
[FGD] Epoch 59, train_loss=0.0513, validation_loss=0.0539, test_loss=0.0543 (+0.0000), train_acc=0.359, validation_acc=0.366, test_acc=0.366, lr=0, rel_err=0.551
[FGD-WARN] Epoch 59: relative-error condition failed; learning-rate interval invalid; validation certificate rejected 1 batch(es); no learning rate satisfied all validation conditions; model update rejected
[REALIZE] eta=7.0843e-06 realised=102.8% residual=18.6% iters=3
[DAMPING] rho=3.18e-13 lambda=3.488e-08 eps=0.5000 |u|=1.167e+01 eta=7.0843e-06 decrease=1.1902e-03
[FGD] Epoch 60, train_loss=0.0513, validation_loss=0.0539, test_loss=0.0543 (+0.0000), train_acc=0.359, validation_acc=0.366, test_acc=0.366, lr=0, rel_err=0.551
[FGD-WARN] Epoch 60: relative-error condition failed; learning-rate interval invalid; validation certificate rejected 1 batch(es); no learning rate satisfied all validation conditions; model update rejected
Saved history: results/tangent_ladder_600p_N1024_history.json
